[C:/Users/박재현/Desktop/web/webap/backblue.gif]
[C:/Users/박재현/Desktop/web/webap/fade.gif]
[C:/Users/박재현/Desktop/web/webap/index.html]
[C:/Users/박재현/Desktop/web/webap/maxcdn.bootstrapcdn.com/bootstrap/3.3.6/css/bootstrap.min.css]
[C:/Users/박재현/Desktop/web/webap/selab.hanyang.ac.kr/common/images/SelabFavicon.png]
[C:/Users/박재현/Desktop/web/webap/selab.hanyang.ac.kr/common/scripts/jquery-1.11.0.min.js]
[C:/Users/박재현/Desktop/web/webap/selab.hanyang.ac.kr/common/scripts/jquery-ui.js]
[C:/Users/박재현/Desktop/web/webap/selab.hanyang.ac.kr/common/scripts/buffered-keyup.js]
[C:/Users/박재현/Desktop/web/webap/selab.hanyang.ac.kr/common/scripts/common.js]
[C:/Users/박재현/Desktop/web/webap/selab.hanyang.ac.kr/courses/scripts/course-page.js]
[C:/Users/박재현/Desktop/web/webap/selab.hanyang.ac.kr/common/images/selab_logo_S.png]
[C:/Users/박재현/Desktop/web/webap/selab.hanyang.ac.kr/courses/cse326/2019/lecture/examples/07SQL/db.zip]
[C:/Users/박재현/Desktop/web/webap/selab.hanyang.ac.kr/courses/cse326/2019/index.html]
[C:/Users/박재현/Desktop/web/webap/maxcdn.bootstrapcdn.com/bootstrap/3.3.6/css/bootstrap.min.css]
[C:/Users/박재현/Desktop/web/webap/selab.hanyang.ac.kr/common/styles/reset-1.6.1.css]
[C:/Users/박재현/Desktop/web/webap/selab.hanyang.ac.kr/common/styles/jquery-ui.css]
[C:/Users/박재현/Desktop/web/webap/selab.hanyang.ac.kr/common/styles/font-awesome-4.0.3/css/font-awesome.min.css]
[C:/Users/박재현/Desktop/web/webap/selab.hanyang.ac.kr/common/styles/common.css]
[C:/Users/박재현/Desktop/web/webap/selab.hanyang.ac.kr/courses/images/list-img.png]
[C:/Users/박재현/Desktop/web/webap/selab.hanyang.ac.kr/courses/styles/course-home.css]
[C:/Users/박재현/Desktop/web/webap/selab.hanyang.ac.kr/courses/styles/course-slides.css]
[C:/Users/박재현/Desktop/web/webap/selab.hanyang.ac.kr/courses/cse326/2019/project/images/SelabFavicon.png]
[C:/Users/박재현/Desktop/web/webap/ajax.googleapis.com/ajax/libs/prototype/1.7.3.0/prototype.js]
[C:/Users/박재현/Desktop/web/webap/ajax.googleapis.com/ajax/libs/scriptaculous/1.9.0/scriptaculous.js]
[C:/Users/박재현/Desktop/web/webap/selab.hanyang.ac.kr/courses/cse326/2019/project/resources/slides.js]
[C:/Users/박재현/Desktop/web/webap/selab.hanyang.ac.kr/courses/cse326/2019/project/ui/default/slides.js]
[C:/Users/박재현/Desktop/web/webap/selab.hanyang.ac.kr/courses/cse326/2019/project/images/w3c-html.png]
[C:/Users/박재현/Desktop/web/webap/selab.hanyang.ac.kr/courses/cse326/2019/project/images/w3c-css.png]
[C:/Users/박재현/Desktop/web/webap/selab.hanyang.ac.kr/courses/cse326/2019/project/project.html]
[C:/Users/박재현/Desktop/web/webap/selab.hanyang.ac.kr/courses/cse326/2019/lecture/images/SelabFavicon.png]
[C:/Users/박재현/Desktop/web/webap/selab.hanyang.ac.kr/courses/cse326/2019/lecture/resources/slides.js]
[C:/Users/박재현/Desktop/web/webap/selab.hanyang.ac.kr/courses/cse326/2019/lecture/ui/default/slides.js]
[C:/Users/박재현/Desktop/web/webap/selab.hanyang.ac.kr/courses/cse326/2019/lecture/images/webProgrammingText.jpg]
[C:/Users/박재현/Desktop/web/webap/selab.hanyang.ac.kr/courses/cse326/2019/lecture/00-introduction.html]
[C:/Users/박재현/Desktop/web/webap/selab.hanyang.ac.kr/courses/cse326/2019/lecture/images/w3c-html.png]
[C:/Users/박재현/Desktop/web/webap/selab.hanyang.ac.kr/courses/cse326/2019/lecture/images/w3c-css.png]
[C:/Users/박재현/Desktop/web/webap/selab.hanyang.ac.kr/courses/cse326/2019/lecture/images/internet.png]
[C:/Users/박재현/Desktop/web/webap/selab.hanyang.ac.kr/courses/cse326/2019/lecture/images/ietf_logo.gif]
[C:/Users/박재현/Desktop/web/webap/selab.hanyang.ac.kr/courses/cse326/2019/lecture/images/icann.jpg]
[C:/Users/박재현/Desktop/web/webap/selab.hanyang.ac.kr/courses/cse326/2019/lecture/images/w3c.png]
[C:/Users/박재현/Desktop/web/webap/selab.hanyang.ac.kr/courses/cse326/2019/lecture/images/fig1_ip_address.png]
[C:/Users/박재현/Desktop/web/webap/selab.hanyang.ac.kr/courses/cse326/2019/lecture/images/webserver.gif]
[C:/Users/박재현/Desktop/web/webap/selab.hanyang.ac.kr/courses/cse326/2019/lecture/images/web_browser.jpg]
[C:/Users/박재현/Desktop/web/webap/selab.hanyang.ac.kr/courses/cse326/2019/lecture/01-www.html]
[C:/Users/박재현/Desktop/web/webap/selab.hanyang.ac.kr/courses/cse326/2019/lecture/images/layout2.png]
[C:/Users/박재현/Desktop/web/webap/selab.hanyang.ac.kr/courses/cse326/2019/lecture/images/favicon1.gif]
[C:/Users/박재현/Desktop/web/webap/selab.hanyang.ac.kr/courses/cse326/2019/lecture/images/favicon2.gif]
[C:/Users/박재현/Desktop/web/webap/selab.hanyang.ac.kr/courses/cse326/2019/lecture/images/w3c-logo.png]
[C:/Users/박재현/Desktop/web/webap/selab.hanyang.ac.kr/courses/cse326/2019/lecture/images/input-type-datetime.png]
[C:/Users/박재현/Desktop/web/webap/selab.hanyang.ac.kr/courses/cse326/2019/lecture/images/input-type-range.png]
[C:/Users/박재현/Desktop/web/webap/selab.hanyang.ac.kr/courses/cse326/2019/lecture/images/input-type-search.png]
[C:/Users/박재현/Desktop/web/webap/selab.hanyang.ac.kr/courses/cse326/2019/lecture/images/input-type-number.png]
[C:/Users/박재현/Desktop/web/webap/selab.hanyang.ac.kr/courses/cse326/2019/lecture/images/html5-video.jpg]
[C:/Users/박재현/Desktop/web/webap/selab.hanyang.ac.kr/courses/cse326/2019/lecture/images/html5-canvas.png]
[C:/Users/박재현/Desktop/web/webap/selab.hanyang.ac.kr/courses/cse326/2019/lecture/images/microdata.png]
[C:/Users/박재현/Desktop/web/webap/selab.hanyang.ac.kr/courses/cse326/2019/lecture/images/svg-lion.gif]
[C:/Users/박재현/Desktop/web/webap/selab.hanyang.ac.kr/courses/cse326/2019/lecture/images/bitmap_vector.png]
[C:/Users/박재현/Desktop/web/webap/selab.hanyang.ac.kr/courses/cse326/2019/lecture/examples/multimedia/duckhunt.swf]
[C:/Users/박재현/Desktop/web/webap/selab.hanyang.ac.kr/courses/cse326/2019/lecture/examples/multimedia/developers.mpeg]
[C:/Users/박재현/Desktop/web/webap/selab.hanyang.ac.kr/courses/cse326/2019/lecture/examples/multimedia/win98.qt]
[C:/Users/박재현/Desktop/web/webap/selab.hanyang.ac.kr/courses/cse326/2019/lecture/examples/multimedia/powerglove.wmv]
[C:/Users/박재현/Desktop/web/webap/selab.hanyang.ac.kr/courses/cse326/2019/lecture/examples/multimedia/flintstones.rm]
[C:/Users/박재현/Desktop/web/webap/selab.hanyang.ac.kr/courses/cse326/2019/lecture/examples/multimedia/winxp.wav]
[C:/Users/박재현/Desktop/web/webap/selab.hanyang.ac.kr/courses/cse326/2019/lecture/examples/multimedia/town.mid]
[C:/Users/박재현/Desktop/web/webap/selab.hanyang.ac.kr/courses/cse326/2019/lecture/images/plugins_list.png]
[C:/Users/박재현/Desktop/web/webap/selab.hanyang.ac.kr/courses/cse326/2019/lecture/02-html.html]
[C:/Users/박재현/Desktop/web/webap/selab.hanyang.ac.kr/courses/cse326/2019/lecture/images/css3-logo-icon-small.gif]
[C:/Users/박재현/Desktop/web/webap/selab.hanyang.ac.kr/courses/cse326/2019/lecture/images/css3-columns.png]
[C:/Users/박재현/Desktop/web/webap/selab.hanyang.ac.kr/courses/cse326/2019/lecture/images/css3-gradient.jpg]
[C:/Users/박재현/Desktop/web/webap/selab.hanyang.ac.kr/courses/cse326/2019/lecture/images/css3-border-radius.png]
[C:/Users/박재현/Desktop/web/webap/selab.hanyang.ac.kr/courses/cse326/2019/lecture/03-css.html]
[C:/Users/박재현/Desktop/web/webap/selab.hanyang.ac.kr/courses/cse326/2019/lecture/images/css3-transformations.png]
[C:/Users/박재현/Desktop/web/webap/selab.hanyang.ac.kr/courses/cse326/2019/lecture/images/ultimate.png]
[C:/Users/박재현/Desktop/web/webap/selab.hanyang.ac.kr/courses/cse326/2019/lecture/images/box_model.png]
[C:/Users/박재현/Desktop/web/webap/selab.hanyang.ac.kr/courses/cse326/2019/lecture/images/layout1.png]
[C:/Users/박재현/Desktop/web/webap/selab.hanyang.ac.kr/courses/cse326/2019/lecture/images/layout3.png]
[C:/Users/박재현/Desktop/web/webap/selab.hanyang.ac.kr/courses/cse326/2019/lecture/images/margincollapse1.png]
[C:/Users/박재현/Desktop/web/webap/selab.hanyang.ac.kr/courses/cse326/2019/lecture/images/margincollapse2.png]
[C:/Users/박재현/Desktop/web/webap/selab.hanyang.ac.kr/courses/cse326/2019/lecture/images/float-clipped.png]
[C:/Users/박재현/Desktop/web/webap/selab.hanyang.ac.kr/courses/cse326/2019/lecture/images/borat.jpg]
[C:/Users/박재현/Desktop/web/webap/selab.hanyang.ac.kr/courses/cse326/2019/lecture/images/homestar_runner.png]
[C:/Users/박재현/Desktop/web/webap/selab.hanyang.ac.kr/courses/cse326/2019/lecture/images/clear.png]
[C:/Users/박재현/Desktop/web/webap/selab.hanyang.ac.kr/courses/cse326/2019/lecture/images/absoluteposition.png]
[C:/Users/박재현/Desktop/web/webap/selab.hanyang.ac.kr/courses/cse326/2019/lecture/images/relativeposition.png]
[C:/Users/박재현/Desktop/web/webap/selab.hanyang.ac.kr/courses/cse326/2019/lecture/images/fixedposition.png]
[C:/Users/박재현/Desktop/web/webap/selab.hanyang.ac.kr/courses/cse326/2019/lecture/images/baseline.jpg]
[C:/Users/박재현/Desktop/web/webap/selab.hanyang.ac.kr/courses/cse326/2019/lecture/images/html5-bad-tags.gif]
[C:/Users/박재현/Desktop/web/webap/selab.hanyang.ac.kr/courses/cse326/2019/lecture/images/html5-good-tags.gif]
[C:/Users/박재현/Desktop/web/webap/selab.hanyang.ac.kr/courses/cse326/2019/lecture/04-layout.html]
[C:/Users/박재현/Desktop/web/webap/selab.hanyang.ac.kr/courses/cse326/2019/lecture/images/php_logo.gif]
[C:/Users/박재현/Desktop/web/webap/selab.hanyang.ac.kr/courses/cse326/2019/lecture/images/javaee.gif]
[C:/Users/박재현/Desktop/web/webap/selab.hanyang.ac.kr/courses/cse326/2019/lecture/images/ruby_on_rails.png]
[C:/Users/박재현/Desktop/web/webap/selab.hanyang.ac.kr/courses/cse326/2019/lecture/images/asp_net.png]
[C:/Users/박재현/Desktop/web/webap/selab.hanyang.ac.kr/courses/cse326/2019/lecture/images/figure_1_server.png]
[C:/Users/박재현/Desktop/web/webap/selab.hanyang.ac.kr/courses/cse326/2019/lecture/images/php_output_local.png]
[C:/Users/박재현/Desktop/web/webap/selab.hanyang.ac.kr/courses/cse326/2019/lecture/05-PHP.html]
[C:/Users/박재현/Desktop/web/webap/selab.hanyang.ac.kr/courses/cse326/2019/lecture/images/php_output_server.png]
[C:/Users/박재현/Desktop/web/webap/selab.hanyang.ac.kr/courses/cse326/2019/lecture/images/form.png]
[C:/Users/박재현/Desktop/web/webap/selab.hanyang.ac.kr/courses/cse326/2019/lecture/images/wamu.png]
[C:/Users/박재현/Desktop/web/webap/selab.hanyang.ac.kr/courses/cse326/2019/lecture/06-forms.html]
[C:/Users/박재현/Desktop/web/webap/selab.hanyang.ac.kr/courses/cse326/2019/lecture/images/mysql.gif]
[C:/Users/박재현/Desktop/web/webap/selab.hanyang.ac.kr/courses/cse326/2019/lecture/07-sql.html]
[C:/Users/박재현/Desktop/web/webap/selab.hanyang.ac.kr/courses/cse326/2019/lecture/images/figure_4_table_tree.png]
[C:/Users/박재현/Desktop/web/webap/selab.hanyang.ac.kr/courses/cse326/2019/labs/images/SelabFavicon.png]
[C:/Users/박재현/Desktop/web/webap/selab.hanyang.ac.kr/courses/cse326/2019/labs/resources/slides.js]
[C:/Users/박재현/Desktop/web/webap/selab.hanyang.ac.kr/courses/cse326/2019/labs/ui/default/slides.js]
[C:/Users/박재현/Desktop/web/webap/selab.hanyang.ac.kr/courses/cse326/2019/labs/images/w3c-html.png]
[C:/Users/박재현/Desktop/web/webap/selab.hanyang.ac.kr/courses/cse326/2019/labs/images/w3c-css.png]
[C:/Users/박재현/Desktop/web/webap/selab.hanyang.ac.kr/courses/cse326/2019/labs/images/0/Git-Logo-2Color.png]
[C:/Users/박재현/Desktop/web/webap/selab.hanyang.ac.kr/courses/cse326/2019/labs/images/0/github.png]
[C:/Users/박재현/Desktop/web/webap/selab.hanyang.ac.kr/courses/cse326/2019/labs/images/0/repo_new.png]
[C:/Users/박재현/Desktop/web/webap/selab.hanyang.ac.kr/courses/cse326/2019/labs/images/0/repo_old.png]
[C:/Users/박재현/Desktop/web/webap/selab.hanyang.ac.kr/courses/cse326/2019/labs/images/0/repo_create.png]
[C:/Users/박재현/Desktop/web/webap/selab.hanyang.ac.kr/courses/cse326/2019/labs/images/0/repo_created.png]
[C:/Users/박재현/Desktop/web/webap/selab.hanyang.ac.kr/courses/cse326/2019/labs/images/0/workflow.png]
[C:/Users/박재현/Desktop/web/webap/selab.hanyang.ac.kr/courses/cse326/2019/labs/images/0/mamp.png]
[C:/Users/박재현/Desktop/web/webap/selab.hanyang.ac.kr/courses/cse326/2019/labs/labResources/welcomeToCSE3026.zip]
[C:/Users/박재현/Desktop/web/webap/selab.hanyang.ac.kr/courses/cse326/2019/labs/lab0-introduction.html]
[C:/Users/박재현/Desktop/web/webap/selab.hanyang.ac.kr/courses/cse326/2019/labs/images/1/ex1.png]
[C:/Users/박재현/Desktop/web/webap/selab.hanyang.ac.kr/courses/cse326/2019/labs/images/1/ex2.png]
[C:/Users/박재현/Desktop/web/webap/selab.hanyang.ac.kr/courses/cse326/2019/labs/images/1/ex3a.png]
[C:/Users/박재현/Desktop/web/webap/selab.hanyang.ac.kr/courses/cse326/2019/labs/images/1/ex3b.png]
[C:/Users/박재현/Desktop/web/webap/selab.hanyang.ac.kr/courses/cse326/2019/labs/images/1/ex3c.png]
[C:/Users/박재현/Desktop/web/webap/selab.hanyang.ac.kr/courses/cse326/2019/labs/images/1/ex4.png]
[C:/Users/박재현/Desktop/web/webap/selab.hanyang.ac.kr/courses/cse326/2019/labs/images/1/ex5.png]
[C:/Users/박재현/Desktop/web/webap/selab.hanyang.ac.kr/courses/cse326/2019/labs/images/1/ex6.png]
[C:/Users/박재현/Desktop/web/webap/selab.hanyang.ac.kr/courses/cse326/2019/labs/images/1/ex7.png]
[C:/Users/박재현/Desktop/web/webap/selab.hanyang.ac.kr/courses/cse326/2019/labs/lab1-aboutme(HTML).html]
[C:/Users/박재현/Desktop/web/webap/selab.hanyang.ac.kr/courses/cse326/2019/labs/images/2/aboutme.png]
[C:/Users/박재현/Desktop/web/webap/selab.hanyang.ac.kr/courses/cse326/2019/labs/lab2-aboutme(CSS).html]
[C:/Users/박재현/Desktop/web/webap/selab.hanyang.ac.kr/courses/cse326/2019/labs/images/2/cse326bg.jpg]
[C:/Users/박재현/Desktop/web/webap/selab.hanyang.ac.kr/courses/cse326/2019/labs/images/3/ex1_output.png]
[C:/Users/박재현/Desktop/web/webap/selab.hanyang.ac.kr/courses/cse326/2019/labs/images/3/blueTextureBG.jpg]
[C:/Users/박재현/Desktop/web/webap/selab.hanyang.ac.kr/courses/cse326/2019/labs/images/3/ex2_output.png]
[C:/Users/박재현/Desktop/web/webap/selab.hanyang.ac.kr/courses/cse326/2019/labs/images/3/ex3_output.png]
[C:/Users/박재현/Desktop/web/webap/selab.hanyang.ac.kr/courses/cse326/2019/labs/images/3/ex4_output.png]
[C:/Users/박재현/Desktop/web/webap/selab.hanyang.ac.kr/courses/cse326/2019/labs/images/3/ex5_output.png]
[C:/Users/박재현/Desktop/web/webap/selab.hanyang.ac.kr/courses/cse326/2019/labs/lab3-favorite.html]
[C:/Users/박재현/Desktop/web/webap/selab.hanyang.ac.kr/courses/cse326/2019/labs/images/3/ex6_output.png]
[C:/Users/박재현/Desktop/web/webap/selab.hanyang.ac.kr/courses/cse326/2019/labs/images/4/out.png]
[C:/Users/박재현/Desktop/web/webap/selab.hanyang.ac.kr/courses/cse326/2019/labs/images/4/out-wide.png]
[C:/Users/박재현/Desktop/web/webap/selab.hanyang.ac.kr/courses/cse326/2019/labs/images/4/out-slide.png]
[C:/Users/박재현/Desktop/web/webap/selab.hanyang.ac.kr/courses/cse326/2019/labs/labResources/lab4-movieReview.zip]
[C:/Users/박재현/Desktop/web/webap/selab.hanyang.ac.kr/courses/cse326/2019/labs/lab4-movieReview.html]
[C:/Users/박재현/Desktop/web/webap/selab.hanyang.ac.kr/common/styles/images/animated-overlay.html]
[C:/Users/박재현/Desktop/web/webap/selab.hanyang.ac.kr/common/styles/images/ui-bg_flat_75_ffffff_40x100.html]
[C:/Users/박재현/Desktop/web/webap/selab.hanyang.ac.kr/common/styles/images/ui-bg_highlight-soft_75_cccccc_1x100.html]
[C:/Users/박재현/Desktop/web/webap/selab.hanyang.ac.kr/common/styles/images/ui-bg_glass_75_e6e6e6_1x400.html]
[C:/Users/박재현/Desktop/web/webap/selab.hanyang.ac.kr/common/styles/images/ui-bg_glass_75_dadada_1x400.html]
[C:/Users/박재현/Desktop/web/webap/selab.hanyang.ac.kr/common/styles/images/ui-bg_glass_65_ffffff_1x400.html]
[C:/Users/박재현/Desktop/web/webap/selab.hanyang.ac.kr/common/styles/images/ui-bg_glass_55_fbf9ee_1x400.html]
[C:/Users/박재현/Desktop/web/webap/selab.hanyang.ac.kr/common/styles/images/ui-bg_glass_95_fef1ec_1x400.html]
[C:/Users/박재현/Desktop/web/webap/selab.hanyang.ac.kr/common/styles/images/ui-icons_222222_256x240.html]
[C:/Users/박재현/Desktop/web/webap/selab.hanyang.ac.kr/common/styles/images/ui-icons_888888_256x240.html]
[C:/Users/박재현/Desktop/web/webap/selab.hanyang.ac.kr/common/styles/images/ui-icons_454545_256x240.html]
[C:/Users/박재현/Desktop/web/webap/selab.hanyang.ac.kr/common/styles/images/ui-icons_2e83ff_256x240.html]
[C:/Users/박재현/Desktop/web/webap/selab.hanyang.ac.kr/common/styles/images/ui-icons_cd0a0a_256x240.html]
[C:/Users/박재현/Desktop/web/webap/selab.hanyang.ac.kr/common/styles/images/ui-bg_flat_0_aaaaaa_40x100.html]
[C:/Users/박재현/Desktop/web/webap/fonts.googleapis.com/earlyaccess/nanumgothic.css]
[C:/Users/박재현/Desktop/web/webap/selab.hanyang.ac.kr/courses/cse326/2019/project/ui/default/slides.css]
[C:/Users/박재현/Desktop/web/webap/selab.hanyang.ac.kr/courses/cse326/2019/project/ui/default/outline.css]
[C:/Users/박재현/Desktop/web/webap/selab.hanyang.ac.kr/courses/cse326/2019/project/ui/default/print.css]
[C:/Users/박재현/Desktop/web/webap/selab.hanyang.ac.kr/courses/cse326/2019/lecture/ui/default/slides.css]
[C:/Users/박재현/Desktop/web/webap/selab.hanyang.ac.kr/courses/cse326/2019/lecture/ui/default/outline.css]
[C:/Users/박재현/Desktop/web/webap/selab.hanyang.ac.kr/courses/cse326/2019/lecture/images/html.gif]
[C:/Users/박재현/Desktop/web/webap/selab.hanyang.ac.kr/courses/cse326/2019/lecture/images/js.gif]
[C:/Users/박재현/Desktop/web/webap/selab.hanyang.ac.kr/courses/cse326/2019/lecture/images/css.gif]
[C:/Users/박재현/Desktop/web/webap/selab.hanyang.ac.kr/courses/cse326/2019/lecture/images/xml.gif]
[C:/Users/박재현/Desktop/web/webap/selab.hanyang.ac.kr/courses/cse326/2019/lecture/images/php.gif]
[C:/Users/박재현/Desktop/web/webap/selab.hanyang.ac.kr/courses/cse326/2019/lecture/images/sql.gif]
[C:/Users/박재현/Desktop/web/webap/selab.hanyang.ac.kr/courses/cse326/2019/lecture/images/output.gif]
[C:/Users/박재현/Desktop/web/webap/selab.hanyang.ac.kr/courses/cse326/2019/lecture/ui/default/print.css]
[C:/Users/박재현/Desktop/web/webap/selab.hanyang.ac.kr/courses/cse326/2019/project/index.html]
[C:/Users/박재현/Desktop/web/webap/selab.hanyang.ac.kr/courses/cse326/2019/lecture/03css.css]
[C:/Users/박재현/Desktop/web/webap/selab.hanyang.ac.kr/courses/cse326/2019/lecture/examples/05PHP/quote.html]
[C:/Users/박재현/Desktop/web/webap/selab.hanyang.ac.kr/courses/cse326/2019/lecture/resources/params.html]
[C:/Users/박재현/Desktop/web/webap/selab.hanyang.ac.kr/courses/cse326/2019/labs/ui/default/slides.css]
[C:/Users/박재현/Desktop/web/webap/selab.hanyang.ac.kr/courses/cse326/2019/labs/ui/default/outline.css]
[C:/Users/박재현/Desktop/web/webap/selab.hanyang.ac.kr/courses/cse326/2019/labs/ui/default/print.css]
[C:/Users/박재현/Desktop/web/webap/selab.hanyang.ac.kr/courses/cse326/2019/labs/ui/default/labs-slides.css]
[C:/Users/박재현/Desktop/web/webap/selab.hanyang.ac.kr/courses/cse326/2019/labs/labResources/helloWorld.html]
[C:/Users/박재현/Desktop/web/webap/selab.hanyang.ac.kr/courses/cse326/2019/labs/labResources/images/67eleanorConv.jpg]
[C:/Users/박재현/Desktop/web/webap/selab.hanyang.ac.kr/courses/cse326/2019/labs/labResources/images/tRice.jpg]
[C:/Users/박재현/Desktop/web/webap/selab.hanyang.ac.kr/courses/cse326/2019/labs/labResources/images/lesPaulBass.jpg]
[C:/Users/박재현/Desktop/web/webap/selab.hanyang.ac.kr/courses/cse326/2019/labs/labResources/ScottsFav.html]
[C:/Users/박재현/Desktop/web/webap/selab.hanyang.ac.kr/courses/cse326/2019/project/ui/default/s5-core.css]
[C:/Users/박재현/Desktop/web/webap/selab.hanyang.ac.kr/courses/cse326/2019/project/ui/default/framing.css]
[C:/Users/박재현/Desktop/web/webap/selab.hanyang.ac.kr/courses/cse326/2019/project/ui/default/selab_HYU_Logo.gif]
[C:/Users/박재현/Desktop/web/webap/selab.hanyang.ac.kr/courses/cse326/2019/project/ui/default/pretty.css]
[C:/Users/박재현/Desktop/web/webap/selab.hanyang.ac.kr/courses/cse326/2019/project/images/html.html]
[C:/Users/박재현/Desktop/web/webap/selab.hanyang.ac.kr/courses/cse326/2019/project/images/js.html]
[C:/Users/박재현/Desktop/web/webap/selab.hanyang.ac.kr/courses/cse326/2019/project/images/css.html]
[C:/Users/박재현/Desktop/web/webap/selab.hanyang.ac.kr/courses/cse326/2019/project/images/xml.html]
[C:/Users/박재현/Desktop/web/webap/selab.hanyang.ac.kr/courses/cse326/2019/project/images/php.html]
[C:/Users/박재현/Desktop/web/webap/selab.hanyang.ac.kr/courses/cse326/2019/project/images/sql.html]
[C:/Users/박재현/Desktop/web/webap/selab.hanyang.ac.kr/courses/cse326/2019/project/images/output.html]
[C:/Users/박재현/Desktop/web/webap/selab.hanyang.ac.kr/courses/cse326/2019/lecture/ui/default/s5-core.css]
[C:/Users/박재현/Desktop/web/webap/selab.hanyang.ac.kr/courses/cse326/2019/lecture/ui/default/framing.css]
[C:/Users/박재현/Desktop/web/webap/selab.hanyang.ac.kr/courses/cse326/2019/lecture/ui/default/selab_HYU_Logo.gif]
[C:/Users/박재현/Desktop/web/webap/selab.hanyang.ac.kr/courses/cse326/2019/lecture/images/thumbs-down.gif]
[C:/Users/박재현/Desktop/web/webap/selab.hanyang.ac.kr/courses/cse326/2019/lecture/images/json.gif]
[C:/Users/박재현/Desktop/web/webap/selab.hanyang.ac.kr/courses/cse326/2019/lecture/images/jsp.gif]
[C:/Users/박재현/Desktop/web/webap/selab.hanyang.ac.kr/courses/cse326/2019/lecture/images/python.gif]
[C:/Users/박재현/Desktop/web/webap/selab.hanyang.ac.kr/courses/cse326/2019/lecture/images/ruby.gif]
[C:/Users/박재현/Desktop/web/webap/selab.hanyang.ac.kr/courses/cse326/2019/lecture/images/svg.gif]
[C:/Users/박재현/Desktop/web/webap/selab.hanyang.ac.kr/courses/cse326/2019/lecture/images/yaml.gif]
[C:/Users/박재현/Desktop/web/webap/selab.hanyang.ac.kr/courses/cse326/2019/lecture/ui/default/pretty.css]
[C:/Users/박재현/Desktop/web/webap/selab.hanyang.ac.kr/courses/cse326/2019/labs/ui/default/s5-core.css]
[C:/Users/박재현/Desktop/web/webap/selab.hanyang.ac.kr/courses/cse326/2019/labs/ui/default/framing.css]
[C:/Users/박재현/Desktop/web/webap/selab.hanyang.ac.kr/courses/cse326/2019/labs/ui/default/HYU_Logo.gif]
[C:/Users/박재현/Desktop/web/webap/selab.hanyang.ac.kr/courses/cse326/2019/labs/ui/default/pretty.css]
[C:/Users/박재현/Desktop/web/webap/selab.hanyang.ac.kr/courses/cse326/2019/labs/images/html.html]
[C:/Users/박재현/Desktop/web/webap/selab.hanyang.ac.kr/courses/cse326/2019/labs/images/js.html]
[C:/Users/박재현/Desktop/web/webap/selab.hanyang.ac.kr/courses/cse326/2019/labs/images/css.html]
[C:/Users/박재현/Desktop/web/webap/selab.hanyang.ac.kr/courses/cse326/2019/labs/images/xml.html]
[C:/Users/박재현/Desktop/web/webap/selab.hanyang.ac.kr/courses/cse326/2019/labs/images/php.html]
[C:/Users/박재현/Desktop/web/webap/selab.hanyang.ac.kr/courses/cse326/2019/labs/images/sql.html]
[C:/Users/박재현/Desktop/web/webap/selab.hanyang.ac.kr/courses/cse326/2019/labs/images/output.html]
[C:/Users/박재현/Desktop/web/webap/selab.hanyang.ac.kr/courses/cse326/2019/labs/ui/default/correct.html]
[C:/Users/박재현/Desktop/web/webap/selab.hanyang.ac.kr/courses/cse326/2019/labs/ui/default/incorrect.html]
[C:/Users/박재현/Desktop/web/webap/selab.hanyang.ac.kr/courses/cse326/2019/labs/labResources/basic.css]
[C:/Users/박재현/Desktop/web/webap/selab.hanyang.ac.kr/courses/cse326/2019/labs/labResources/layout.html]
[C:/Users/박재현/Desktop/web/webap/selab.hanyang.ac.kr/courses/cse326/2019/project/images/thumbs-down.html]
[C:/Users/박재현/Desktop/web/webap/selab.hanyang.ac.kr/courses/cse326/2019/project/images/json.html]
[C:/Users/박재현/Desktop/web/webap/selab.hanyang.ac.kr/courses/cse326/2019/project/images/jsp.html]
[C:/Users/박재현/Desktop/web/webap/selab.hanyang.ac.kr/courses/cse326/2019/project/images/python.html]
[C:/Users/박재현/Desktop/web/webap/selab.hanyang.ac.kr/courses/cse326/2019/project/images/ruby.html]
[C:/Users/박재현/Desktop/web/webap/selab.hanyang.ac.kr/courses/cse326/2019/project/images/svg.html]
[C:/Users/박재현/Desktop/web/webap/selab.hanyang.ac.kr/courses/cse326/2019/project/images/yaml.html]
[C:/Users/박재현/Desktop/web/webap/selab.hanyang.ac.kr/courses/cse326/2019/labs/images/thumbs-down.html]
[C:/Users/박재현/Desktop/web/webap/selab.hanyang.ac.kr/courses/cse326/2019/labs/images/json.html]
[C:/Users/박재현/Desktop/web/webap/selab.hanyang.ac.kr/courses/cse326/2019/labs/images/jsp.html]
[C:/Users/박재현/Desktop/web/webap/selab.hanyang.ac.kr/courses/cse326/2019/labs/images/python.html]
[C:/Users/박재현/Desktop/web/webap/selab.hanyang.ac.kr/courses/cse326/2019/labs/images/ruby.html]
[C:/Users/박재현/Desktop/web/webap/selab.hanyang.ac.kr/courses/cse326/2019/labs/images/svg.html]
[C:/Users/박재현/Desktop/web/webap/selab.hanyang.ac.kr/courses/cse326/2019/labs/images/yaml.html]
